
> frontend@0.0.0 build
> tsc && vite build

tsconfig.json(9,27): error TS5024: Compiler option 'ignoreDeprecations' requires a value of type string.
node.exe : npm error Lifecycle script `build` failed with error:
En línea: 1 Carácter: 1
+ & "C:\Program Files\nodejs/node.exe" "C:\Program Files\nodejs/node_mo ...
+ ~~~~~~~~~~~~~~~~~~~~~~~~~~~~~~~~~~~~~~~~~~~~~~~~~~~~~~~~~~~~~~~~~~~~~
    + CategoryInfo          : NotSpecified: (npm error Lifec...led with error::String) [], RemoteException
    + FullyQualifiedErrorId : NativeCommandError
 
npm error code 2
npm error path D:\transformacion\frontend
npm error workspace frontend@0.0.0
npm error location D:\transformacion\frontend
npm error command failed
npm error command C:\WINDOWS\system32\cmd.exe /d /s /c tsc && vite build
